============================= test session starts ==============================
platform darwin -- Python 3.11.9, pytest-8.4.1, pluggy-1.6.0
rootdir: /Users/tomriddle1/Holistic-Performance-Enhancement
configfile: pyproject.toml
plugins: jaxtyping-0.3.3, anyio-4.9.0, asyncio-1.1.0, hypothesis-6.138.2, cov-6.2.1, mock-3.14.1, typeguard-4.4.4, hydra-core-1.3.2
asyncio: mode=Mode.AUTO, asyncio_default_fixture_loop_scope=None, asyncio_default_test_loop_scope=function
collected 164 items

tests/test_all_optimizers.py ......                                      [  3%]
tests/test_bridge.py ...............                                     [ 12%]
tests/test_champion_architecture.py .......                              [ 17%]
tests/test_champion_dataloader.py ...                                    [ 18%]
tests/test_champion_training.py ......                                   [ 22%]
tests/test_checkpoint_utils.py ......                                    [ 26%]
tests/test_data_loaders.py ........                                      [ 31%]
tests/test_decoder_only_dataloader.py .....                              [ 34%]
tests/test_decoder_only_model.py ......                                  [ 37%]
tests/test_ed_with_grid2d_pe.py ......                                   [ 41%]
tests/test_ed_with_grid2d_pe_and_perminv.py ......                       [ 45%]
tests/test_embedding.py ...............                                  [ 54%]
tests/test_encoder_decoder_baseline.py .....                             [ 57%]
tests/test_encoder_decoder_dataloader.py ...                             [ 59%]
tests/test_equivalence.py ....s.                                         [ 62%]
tests/test_lightning_training.py ......                                  [ 66%]
tests/test_lightning_validation.py ......                                [ 70%]
tests/test_model.py .............                                        [ 78%]
tests/test_nn_utils.py ...                                               [ 79%]
tests/test_per_task_logger.py .....                                      [ 82%]
tests/test_positional_encoding.py .............                          [ 90%]
tests/test_positional_encoding_1d.py .........                           [ 96%]
tests/test_scheduler_logic.py ......                                     [100%]

=============================== warnings summary ===============================
cultivation/systems/arc_reactor/publications/arc_taxonomy_2025/reproduction/tests/test_champion_dataloader.py::test_champion_dataloader
cultivation/systems/arc_reactor/publications/arc_taxonomy_2025/reproduction/tests/test_champion_dataloader.py::test_contract_satisfaction
cultivation/systems/arc_reactor/publications/arc_taxonomy_2025/reproduction/tests/test_decoder_only_dataloader.py::test_dataloader_creation
cultivation/systems/arc_reactor/publications/arc_taxonomy_2025/reproduction/tests/test_decoder_only_dataloader.py::test_contract_satisfaction
cultivation/systems/arc_reactor/publications/arc_taxonomy_2025/reproduction/tests/test_encoder_decoder_dataloader.py::test_encoder_decoder_dataloader
cultivation/systems/arc_reactor/publications/arc_taxonomy_2025/reproduction/tests/test_encoder_decoder_dataloader.py::test_contract_satisfaction
  /Users/tomriddle1/.pyenv/versions/3.11.9/lib/python3.11/site-packages/torch/utils/data/dataloader.py:683: UserWarning: 'pin_memory' argument is set as true but not supported on MPS now, then device pinned memory won't be used.
    warnings.warn(warn_msg)

cultivation/systems/arc_reactor/publications/arc_taxonomy_2025/reproduction/tests/test_champion_training.py: 3 warnings
cultivation/systems/arc_reactor/publications/arc_taxonomy_2025/reproduction/tests/test_lightning_training.py: 6 warnings
cultivation/systems/arc_reactor/publications/arc_taxonomy_2025/reproduction/tests/test_lightning_validation.py: 5 warnings
  /Users/tomriddle1/.pyenv/versions/3.11.9/lib/python3.11/site-packages/pytorch_lightning/core/module.py:441: You are trying to `self.log()` but the `self.trainer` reference is not registered on the model yet. This is most likely because the model hasn't been passed to the `Trainer`

-- Docs: https://docs.pytest.org/en/stable/how-to/capture-warnings.html
=========================== short test summary info ============================
SKIPPED [1] tests/test_equivalence.py:159: Architecture mismatch - needs full jarc_reactor TransformerModel
================= 163 passed, 1 skipped, 20 warnings in 6.79s ==================
